#
# There is insufficient memory for the Java Runtime Environment to continue.
# Native memory allocation (malloc) failed to allocate 1037296 bytes for Chunk::new
# Possible reasons:
#   The system is out of physical RAM or swap space
#   The process is running with CompressedOops enabled, and the Java Heap may be blocking the growth of the native heap
# Possible solutions:
#   Reduce memory load on the system
#   Increase physical memory or swap space
#   Check if swap backing store is full
#   Decrease Java heap size (-Xmx/-Xms)
#   Decrease number of Java threads
#   Decrease Java thread stack sizes (-Xss)
#   Set larger code cache with -XX:ReservedCodeCacheSize=
#   JVM is running with Zero Based Compressed Oops mode in which the Java heap is
#     placed in the first 32GB address space. The Java Heap base address is the
#     maximum limit for the native heap growth. Please use -XX:HeapBaseMinAddress
#     to set the Java Heap base and to place the Java Heap above 32GB virtual address.
# This output file may be truncated or incomplete.
#
#  Out of Memory Error (./open/src/hotspot/share/memory/arena.cpp:197), pid=11796, tid=3508
#
# JRE version: Java(TM) SE Runtime Environment 18.9 (11.0.20+9) (build 11.0.20+9-LTS-256)
# Java VM: Java HotSpot(TM) 64-Bit Server VM 18.9 (11.0.20+9-LTS-256, mixed mode, tiered, compressed oops, g1 gc, windows-amd64)
# No core dump will be written. Minidumps are not enabled by default on client versions of Windows
#

---------------  S U M M A R Y ------------

Command Line: --add-opens=java.base/java.lang=ALL-UNNAMED --add-opens=java.base/java.lang.invoke=ALL-UNNAMED --add-opens=java.base/java.util=ALL-UNNAMED --add-opens=java.prefs/java.util.prefs=ALL-UNNAMED --add-exports=jdk.compiler/com.sun.tools.javac.api=ALL-UNNAMED --add-exports=jdk.compiler/com.sun.tools.javac.util=ALL-UNNAMED --add-opens=java.base/java.util=ALL-UNNAMED --add-opens=java.prefs/java.util.prefs=ALL-UNNAMED --add-opens=java.base/java.nio.charset=ALL-UNNAMED --add-opens=java.base/java.net=ALL-UNNAMED --add-opens=java.base/java.util.concurrent.atomic=ALL-UNNAMED --add-opens=java.xml/javax.xml.namespace=ALL-UNNAMED -XX:+UseG1GC -XX:MaxMetaspaceSize=1024m -Xmx4G -Dfile.encoding=UTF-8 -Duser.country=FR -Duser.language=fr -Duser.variant -javaagent:C:\Users\NOIR\.gradle\wrapper\dists\gradle-8.14-all\c2qonpi39x1mddn7hk5gh9iqj\gradle-8.14\lib\agents\gradle-instrumentation-agent-8.14.jar org.gradle.launcher.daemon.bootstrap.GradleDaemon 8.14

Host: Intel(R) Core(TM) i5-6300U CPU @ 2.40GHz, 4 cores, 15G,  Windows 11 , 64 bit Build 22000 (10.0.22000.2538)
Time: Sun Aug 16 23:39:42 2026 Temps universel coordonné elapsed time: 114.773097 seconds (0d 0h 1m 54s)

---------------  T H R E A D  ---------------

Current thread (0x00000199fa18f800):  JavaThread "C2 CompilerThread0" daemon [_thread_in_native, id=3508, stack(0x0000003b47d00000,0x0000003b47e00000)]


Current CompileTask:
C2: 114773 17274       4       org.jetbrains.kotlin.name.ClassId$Companion::fromString (158 bytes)

Stack: [0x0000003b47d00000,0x0000003b47e00000]
Native frames: (J=compiled Java code, j=interpreted, Vv=VM code, C=native code)
V  [jvm.dll+0x6602ba]
V  [jvm.dll+0x7a32af]
V  [jvm.dll+0x7a4979]
V  [jvm.dll+0x7a5013]
V  [jvm.dll+0x258ef5]
V  [jvm.dll+0xb2a0c]
V  [jvm.dll+0xb2fcc]
V  [jvm.dll+0x36764f]
V  [jvm.dll+0x330365]
V  [jvm.dll+0x32f74a]
V  [jvm.dll+0x211bfd]
V  [jvm.dll+0x210bc8]
V  [jvm.dll+0x18cdb1]
V  [jvm.dll+0x220e59]
V  [jvm.dll+0x21f17c]
V  [jvm.dll+0x767061]
V  [jvm.dll+0x75f8e4]
V  [jvm.dll+0x65f165]
C  [ucrtbase.dll+0x26c0c]
C  [KERNEL32.DLL+0x153e0]
C  [ntdll.dll+0x485b]


---------------  P R O C E S S  ---------------

Threads class SMR info:
_java_thread_list=0x0000019981cb6da0, length=50, elements={
0x00000199d7487800, 0x00000199f98ad000, 0x00000199f98ae000, 0x00000199fa188800,
0x00000199fa18b000, 0x00000199fa18c800, 0x00000199fa18f800, 0x00000199fa193800,
0x00000199fa1f2800, 0x00000199fa2f6800, 0x00000199fc3a2800, 0x00000199fb8e8000,
0x00000199fc2b3000, 0x00000199fafc8800, 0x00000199fa6ae800, 0x00000199fb9ca000,
0x00000199fafed000, 0x00000199fba2a000, 0x00000199fa83e800, 0x00000199fc82b800,
0x00000199fc82e000, 0x00000199fc832000, 0x00000199fc82c000, 0x00000199fc831000,
0x00000199fc82d000, 0x00000199fc82f800, 0x00000199fc830800, 0x00000199fc82e800,
0x00000199fb7e5800, 0x00000199fb7e8000, 0x00000199fb7e4800, 0x00000199fb7e6000,
0x00000199fb7e3000, 0x00000199fb7e4000, 0x0000019980532000, 0x0000019980534800,
0x0000019980535800, 0x0000019980537000, 0x0000019980531800, 0x000001998053c000,
0x000001998053b000, 0x0000019980538000, 0x000001998053a800, 0x000001998053d000,
0x000001998053d800, 0x000001998053e800, 0x0000019980539000, 0x000001998053f800,
0x00000199fb7e7000, 0x00000199fc804000
}

Java Threads: ( => current thread )
  0x00000199d7487800 JavaThread "main" [_thread_blocked, id=668, stack(0x0000003b47100000,0x0000003b47200000)]
  0x00000199f98ad000 JavaThread "Reference Handler" daemon [_thread_blocked, id=4568, stack(0x0000003b47800000,0x0000003b47900000)]
  0x00000199f98ae000 JavaThread "Finalizer" daemon [_thread_blocked, id=25200, stack(0x0000003b47900000,0x0000003b47a00000)]
  0x00000199fa188800 JavaThread "Signal Dispatcher" daemon [_thread_blocked, id=20300, stack(0x0000003b47a00000,0x0000003b47b00000)]
  0x00000199fa18b000 JavaThread "Attach Listener" daemon [_thread_blocked, id=1972, stack(0x0000003b47b00000,0x0000003b47c00000)]
  0x00000199fa18c800 JavaThread "Service Thread" daemon [_thread_blocked, id=16844, stack(0x0000003b47c00000,0x0000003b47d00000)]
=>0x00000199fa18f800 JavaThread "C2 CompilerThread0" daemon [_thread_in_native, id=3508, stack(0x0000003b47d00000,0x0000003b47e00000)]
  0x00000199fa193800 JavaThread "C1 CompilerThread0" daemon [_thread_blocked, id=4100, stack(0x0000003b47e00000,0x0000003b47f00000)]
  0x00000199fa1f2800 JavaThread "Sweeper thread" daemon [_thread_blocked, id=8580, stack(0x0000003b47f00000,0x0000003b48000000)]
  0x00000199fa2f6800 JavaThread "Common-Cleaner" daemon [_thread_blocked, id=7276, stack(0x0000003b48000000,0x0000003b48100000)]
  0x00000199fc3a2800 JavaThread "Daemon health stats" [_thread_blocked, id=18020, stack(0x0000003b48500000,0x0000003b48600000)]
  0x00000199fb8e8000 JavaThread "Incoming local TCP Connector on port 50934" [_thread_in_native, id=14656, stack(0x0000003b48600000,0x0000003b48700000)]
  0x00000199fc2b3000 JavaThread "Daemon periodic checks" [_thread_blocked, id=20660, stack(0x0000003b48700000,0x0000003b48800000)]
  0x00000199fafc8800 JavaThread "Daemon" [_thread_blocked, id=11420, stack(0x0000003b48800000,0x0000003b48900000)]
  0x00000199fa6ae800 JavaThread "Handler for socket connection from /127.0.0.1:50934 to /127.0.0.1:50935" [_thread_in_native, id=15568, stack(0x0000003b48900000,0x0000003b48a00000)]
  0x00000199fb9ca000 JavaThread "Cancel handler" [_thread_blocked, id=5304, stack(0x0000003b48a00000,0x0000003b48b00000)]
  0x00000199fafed000 JavaThread "Daemon worker" [_thread_in_Java, id=15968, stack(0x0000003b48b00000,0x0000003b48c00000)]
  0x00000199fba2a000 JavaThread "Asynchronous log dispatcher for DefaultDaemonConnection: socket connection from /127.0.0.1:50934 to /127.0.0.1:50935" [_thread_blocked, id=9004, stack(0x0000003b48c00000,0x0000003b48d00000)]
  0x00000199fa83e800 JavaThread "Stdin handler" [_thread_blocked, id=4592, stack(0x0000003b48d00000,0x0000003b48e00000)]
  0x00000199fc82b800 JavaThread "Daemon client event forwarder" [_thread_blocked, id=11232, stack(0x0000003b48e00000,0x0000003b48f00000)]
  0x00000199fc82e000 JavaThread "Cache worker for journal cache (C:\Users\NOIR\.gradle\caches\journal-1)" [_thread_blocked, id=23240, stack(0x0000003b48f00000,0x0000003b49000000)]
  0x00000199fc832000 JavaThread "File lock request listener" [_thread_in_native, id=17216, stack(0x0000003b49000000,0x0000003b49100000)]
  0x00000199fc82c000 JavaThread "Cache worker for file hash cache (C:\Users\NOIR\.gradle\caches\8.14\fileHashes)" [_thread_blocked, id=5164, stack(0x0000003b49100000,0x0000003b49200000)]
  0x00000199fc831000 JavaThread "Problems report writer" [_thread_blocked, id=1344, stack(0x0000003b49300000,0x0000003b49400000)]
  0x00000199fc82d000 JavaThread "Cache worker for file hash cache (C:\Users\NOIR\Desktop\AlloGuinaar-mobile-fusionne-MAJ\final_project\android\.gradle\8.14\fileHashes)" [_thread_blocked, id=4088, stack(0x0000003b49200000,0x0000003b49300000)]
  0x00000199fc82f800 JavaThread "Cache worker for Build Output Cleanup Cache (C:\Users\NOIR\Desktop\AlloGuinaar-mobile-fusionne-MAJ\final_project\android\.gradle\buildOutputCleanup)" [_thread_blocked, id=18332, stack(0x0000003b49400000,0x0000003b49500000)]
  0x00000199fc830800 JavaThread "File watcher server" daemon [_thread_in_native, id=18384, stack(0x0000003b49500000,0x0000003b49600000)]
  0x00000199fc82e800 JavaThread "File watcher consumer" daemon [_thread_blocked, id=1968, stack(0x0000003b49600000,0x0000003b49700000)]
  0x00000199fb7e5800 JavaThread "jar transforms" [_thread_blocked, id=16424, stack(0x0000003b49700000,0x0000003b49800000)]
  0x00000199fb7e8000 JavaThread "jar transforms Thread 2" [_thread_blocked, id=11780, stack(0x0000003b49800000,0x0000003b49900000)]
  0x00000199fb7e4800 JavaThread "jar transforms Thread 3" [_thread_blocked, id=18780, stack(0x0000003b49900000,0x0000003b49a00000)]
  0x00000199fb7e6000 JavaThread "jar transforms Thread 4" [_thread_blocked, id=7488, stack(0x0000003b49b00000,0x0000003b49c00000)]
  0x00000199fb7e3000 JavaThread "Cache worker for checksums cache (C:\Users\NOIR\Desktop\AlloGuinaar-mobile-fusionne-MAJ\final_project\android\.gradle\8.14\checksums)" [_thread_blocked, id=20924, stack(0x0000003b49c00000,0x0000003b49d00000)]
  0x00000199fb7e4000 JavaThread "Cache worker for file content cache (C:\Users\NOIR\.gradle\caches\8.14\fileContent)" [_thread_blocked, id=6280, stack(0x0000003b49d00000,0x0000003b49e00000)]
  0x0000019980532000 JavaThread "Cache worker for cache directory md-supplier (C:\Users\NOIR\.gradle\caches\8.14\md-supplier)" [_thread_blocked, id=19984, stack(0x0000003b47000000,0x0000003b47100000)]
  0x0000019980534800 JavaThread "Cache worker for cache directory md-rule (C:\Users\NOIR\.gradle\caches\8.14\md-rule)" [_thread_blocked, id=17224, stack(0x0000003b49a00000,0x0000003b49b00000)]
  0x0000019980535800 JavaThread "Cache worker for Build Output Cleanup Cache (C:\.android\flutter\packages\flutter_tools\gradle\.gradle\buildOutputCleanup)" [_thread_blocked, id=26500, stack(0x0000003b4a000000,0x0000003b4a100000)]
  0x0000019980537000 JavaThread "Unconstrained build operations" [_thread_blocked, id=24312, stack(0x0000003b46f00000,0x0000003b47000000)]
  0x0000019980531800 JavaThread "Unconstrained build operations Thread 2" [_thread_blocked, id=10796, stack(0x0000003b4a100000,0x0000003b4a200000)]
  0x000001998053c000 JavaThread "Unconstrained build operations Thread 3" [_thread_blocked, id=17244, stack(0x0000003b4a200000,0x0000003b4a300000)]
  0x000001998053b000 JavaThread "Unconstrained build operations Thread 4" [_thread_blocked, id=11712, stack(0x0000003b4a300000,0x0000003b4a400000)]
  0x0000019980538000 JavaThread "Unconstrained build operations Thread 5" [_thread_blocked, id=20416, stack(0x0000003b4a400000,0x0000003b4a500000)]
  0x000001998053a800 JavaThread "Unconstrained build operations Thread 6" [_thread_blocked, id=16224, stack(0x0000003b4a500000,0x0000003b4a600000)]
  0x000001998053d000 JavaThread "Unconstrained build operations Thread 7" [_thread_blocked, id=26384, stack(0x0000003b4a600000,0x0000003b4a700000)]
  0x000001998053d800 JavaThread "Unconstrained build operations Thread 8" [_thread_blocked, id=20684, stack(0x0000003b4a700000,0x0000003b4a800000)]
  0x000001998053e800 JavaThread "Unconstrained build operations Thread 9" [_thread_blocked, id=23352, stack(0x0000003b4a800000,0x0000003b4a900000)]
  0x0000019980539000 JavaThread "Memory manager" [_thread_blocked, id=19192, stack(0x0000003b4a900000,0x0000003b4aa00000)]
  0x000001998053f800 JavaThread "build event listener" [_thread_blocked, id=4528, stack(0x0000003b4aa00000,0x0000003b4ab00000)]
  0x00000199fb7e7000 JavaThread "Kotlin DSL Writer" [_thread_blocked, id=15628, stack(0x0000003b4ab00000,0x0000003b4ac00000)]
  0x00000199fc804000 JavaThread "C2 CompilerThread1" daemon [_thread_blocked, id=23676, stack(0x0000003b4ac00000,0x0000003b4ad00000)]

Other Threads:
  0x00000199f9886800 VMThread "VM Thread" [stack: 0x0000003b47700000,0x0000003b47800000] [id=24744]
  0x00000199fa3e3800 WatcherThread [stack: 0x0000003b48100000,0x0000003b48200000] [id=17096]
  0x00000199d749d800 GCTaskThread "GC Thread#0" [stack: 0x0000003b47200000,0x0000003b47300000] [id=23384]
  0x00000199fa3a5000 GCTaskThread "GC Thread#1" [stack: 0x0000003b48200000,0x0000003b48300000] [id=14188]
  0x00000199fa5f4000 GCTaskThread "GC Thread#2" [stack: 0x0000003b48300000,0x0000003b48400000] [id=22452]
  0x00000199fa6fc800 GCTaskThread "GC Thread#3" [stack: 0x0000003b48400000,0x0000003b48500000] [id=20572]
  0x00000199d74fc800 ConcurrentGCThread "G1 Main Marker" [stack: 0x0000003b47300000,0x0000003b47400000] [id=24188]
  0x00000199d74fd800 ConcurrentGCThread "G1 Conc#0" [stack: 0x0000003b47400000,0x0000003b47500000] [id=19012]
  0x00000199f9767800 ConcurrentGCThread "G1 Refine#0" [stack: 0x0000003b47500000,0x0000003b47600000] [id=23920]
  0x00000199f9768800 ConcurrentGCThread "G1 Young RemSet Sampling" [stack: 0x0000003b47600000,0x0000003b47700000] [id=10364]

Threads with active compile tasks:
C2 CompilerThread0   114832 17274       4       org.jetbrains.kotlin.name.ClassId$Companion::fromString (158 bytes)

VM state:not at safepoint (normal execution)

VM Mutex/Monitor currently owned by a thread: None

Heap address: 0x0000000700000000, size: 4096 MB, Compressed Oops mode: Zero based, Oop shift amount: 3
Narrow klass base: 0x0000000800000000, Narrow klass shift: 0
Compressed class space size: 1065353216 Address: 0x0000000800000000

Heap:
 garbage-first heap   total 260096K, used 145753K [0x0000000700000000, 0x0000000800000000)
  region size 1024K, 13 young (13312K), 2 survivors (2048K)
 Metaspace       used 150678K, capacity 155224K, committed 155428K, reserved 1175552K
  class space    used 18675K, capacity 20455K, committed 20572K, reserved 1040384K
Heap Regions: E=young(eden), S=young(survivor), O=old, HS=humongous(starts), HC=humongous(continues), CS=collection set, F=free, A=archive, TAMS=top-at-mark-start (previous, next)
|   0|0x0000000700000000, 0x0000000700100000, 0x0000000700100000|100%|HS|  |TAMS 0x0000000700100000, 0x0000000700000000| Complete 
|   1|0x0000000700100000, 0x0000000700200000, 0x0000000700200000|100%|HC|  |TAMS 0x0000000700200000, 0x0000000700100000| Complete 
|   2|0x0000000700200000, 0x0000000700300000, 0x0000000700300000|100%|HC|  |TAMS 0x0000000700300000, 0x0000000700200000| Complete 
|   3|0x0000000700300000, 0x0000000700400000, 0x0000000700400000|100%|HS|  |TAMS 0x0000000700400000, 0x0000000700300000| Complete 
|   4|0x0000000700400000, 0x0000000700500000, 0x0000000700500000|100%| O|  |TAMS 0x0000000700500000, 0x0000000700400000| Untracked 
|   5|0x0000000700500000, 0x0000000700600000, 0x0000000700600000|100%| O|  |TAMS 0x0000000700600000, 0x0000000700500000| Untracked 
|   6|0x0000000700600000, 0x0000000700700000, 0x0000000700700000|100%| O|  |TAMS 0x0000000700700000, 0x0000000700600000| Untracked 
|   7|0x0000000700700000, 0x0000000700800000, 0x0000000700800000|100%| O|  |TAMS 0x0000000700800000, 0x0000000700700000| Untracked 
|   8|0x0000000700800000, 0x0000000700900000, 0x0000000700900000|100%| O|  |TAMS 0x0000000700900000, 0x0000000700800000| Untracked 
|   9|0x0000000700900000, 0x0000000700a00000, 0x0000000700a00000|100%| O|  |TAMS 0x0000000700a00000, 0x0000000700900000| Untracked 
|  10|0x0000000700a00000, 0x0000000700b00000, 0x0000000700b00000|100%| O|  |TAMS 0x0000000700b00000, 0x0000000700a00000| Untracked 
|  11|0x0000000700b00000, 0x0000000700c00000, 0x0000000700c00000|100%| O|  |TAMS 0x0000000700c00000, 0x0000000700b00000| Untracked 
|  12|0x0000000700c00000, 0x0000000700d00000, 0x0000000700d00000|100%| O|  |TAMS 0x0000000700d00000, 0x0000000700c00000| Untracked 
|  13|0x0000000700d00000, 0x0000000700e00000, 0x0000000700e00000|100%| O|  |TAMS 0x0000000700e00000, 0x0000000700d00000| Untracked 
|  14|0x0000000700e00000, 0x0000000700f00000, 0x0000000700f00000|100%| O|  |TAMS 0x0000000700f00000, 0x0000000700e00000| Untracked 
|  15|0x0000000700f00000, 0x0000000701000000, 0x0000000701000000|100%| O|  |TAMS 0x0000000701000000, 0x0000000700f00000| Untracked 
|  16|0x0000000701000000, 0x0000000701100000, 0x0000000701100000|100%| O|  |TAMS 0x0000000701100000, 0x0000000701000000| Untracked 
|  17|0x0000000701100000, 0x0000000701200000, 0x0000000701200000|100%| O|  |TAMS 0x0000000701200000, 0x0000000701100000| Untracked 
|  18|0x0000000701200000, 0x0000000701300000, 0x0000000701300000|100%| O|  |TAMS 0x0000000701300000, 0x0000000701200000| Untracked 
|  19|0x0000000701300000, 0x0000000701400000, 0x0000000701400000|100%| O|  |TAMS 0x0000000701400000, 0x0000000701300000| Untracked 
|  20|0x0000000701400000, 0x0000000701500000, 0x0000000701500000|100%| O|  |TAMS 0x0000000701500000, 0x0000000701400000| Untracked 
|  21|0x0000000701500000, 0x0000000701600000, 0x0000000701600000|100%| O|  |TAMS 0x0000000701600000, 0x0000000701500000| Untracked 
|  22|0x0000000701600000, 0x0000000701700000, 0x0000000701700000|100%| O|  |TAMS 0x0000000701700000, 0x0000000701600000| Untracked 
|  23|0x0000000701700000, 0x0000000701800000, 0x0000000701800000|100%| O|  |TAMS 0x0000000701800000, 0x0000000701700000| Untracked 
|  24|0x0000000701800000, 0x0000000701900000, 0x0000000701900000|100%| O|  |TAMS 0x0000000701900000, 0x0000000701800000| Untracked 
|  25|0x0000000701900000, 0x0000000701a00000, 0x0000000701a00000|100%| O|  |TAMS 0x0000000701a00000, 0x0000000701900000| Untracked 
|  26|0x0000000701a00000, 0x0000000701b00000, 0x0000000701b00000|100%|HS|  |TAMS 0x0000000701b00000, 0x0000000701a00000| Complete 
|  27|0x0000000701b00000, 0x0000000701c00000, 0x0000000701c00000|100%| O|  |TAMS 0x0000000701c00000, 0x0000000701b00000| Untracked 
|  28|0x0000000701c00000, 0x0000000701d00000, 0x0000000701d00000|100%| O|  |TAMS 0x0000000701d00000, 0x0000000701c00000| Untracked 
|  29|0x0000000701d00000, 0x0000000701e00000, 0x0000000701e00000|100%| O|  |TAMS 0x0000000701e00000, 0x0000000701d00000| Untracked 
|  30|0x0000000701e00000, 0x0000000701f00000, 0x0000000701f00000|100%| O|  |TAMS 0x0000000701f00000, 0x0000000701e00000| Untracked 
|  31|0x0000000701f00000, 0x0000000702000000, 0x0000000702000000|100%| O|  |TAMS 0x0000000702000000, 0x0000000701f00000| Untracked 
|  32|0x0000000702000000, 0x0000000702100000, 0x0000000702100000|100%| O|  |TAMS 0x0000000702100000, 0x0000000702000000| Untracked 
|  33|0x0000000702100000, 0x0000000702200000, 0x0000000702200000|100%| O|  |TAMS 0x0000000702200000, 0x0000000702100000| Untracked 
|  34|0x0000000702200000, 0x0000000702300000, 0x0000000702300000|100%| O|  |TAMS 0x0000000702300000, 0x0000000702200000| Untracked 
|  35|0x0000000702300000, 0x0000000702400000, 0x0000000702400000|100%| O|  |TAMS 0x0000000702400000, 0x0000000702300000| Untracked 
|  36|0x0000000702400000, 0x0000000702500000, 0x0000000702500000|100%| O|  |TAMS 0x0000000702500000, 0x0000000702400000| Untracked 
|  37|0x0000000702500000, 0x0000000702600000, 0x0000000702600000|100%| O|  |TAMS 0x0000000702600000, 0x0000000702500000| Untracked 
|  38|0x0000000702600000, 0x0000000702700000, 0x0000000702700000|100%| O|  |TAMS 0x0000000702700000, 0x0000000702600000| Untracked 
|  39|0x0000000702700000, 0x0000000702800000, 0x0000000702800000|100%| O|  |TAMS 0x0000000702800000, 0x0000000702700000| Untracked 
|  40|0x0000000702800000, 0x0000000702900000, 0x0000000702900000|100%| O|  |TAMS 0x0000000702900000, 0x0000000702800000| Untracked 
|  41|0x0000000702900000, 0x0000000702a00000, 0x0000000702a00000|100%| O|  |TAMS 0x0000000702a00000, 0x0000000702900000| Untracked 
|  42|0x0000000702a00000, 0x0000000702b00000, 0x0000000702b00000|100%| O|  |TAMS 0x0000000702b00000, 0x0000000702a00000| Untracked 
|  43|0x0000000702b00000, 0x0000000702c00000, 0x0000000702c00000|100%| O|  |TAMS 0x0000000702c00000, 0x0000000702b00000| Untracked 
|  44|0x0000000702c00000, 0x0000000702d00000, 0x0000000702d00000|100%| O|  |TAMS 0x0000000702d00000, 0x0000000702c00000| Untracked 
|  45|0x0000000702d00000, 0x0000000702e00000, 0x0000000702e00000|100%| O|  |TAMS 0x0000000702e00000, 0x0000000702d00000| Untracked 
|  46|0x0000000702e00000, 0x0000000702f00000, 0x0000000702f00000|100%| O|  |TAMS 0x0000000702f00000, 0x0000000702e00000| Untracked 
|  47|0x0000000702f00000, 0x0000000703000000, 0x0000000703000000|100%| O|  |TAMS 0x0000000703000000, 0x0000000702f00000| Untracked 
|  48|0x0000000703000000, 0x0000000703100000, 0x0000000703100000|100%| O|  |TAMS 0x0000000703100000, 0x0000000703000000| Untracked 
|  49|0x0000000703100000, 0x0000000703200000, 0x0000000703200000|100%| O|  |TAMS 0x0000000703200000, 0x0000000703100000| Untracked 
|  50|0x0000000703200000, 0x0000000703300000, 0x0000000703300000|100%| O|  |TAMS 0x0000000703300000, 0x0000000703200000| Untracked 
|  51|0x0000000703300000, 0x0000000703400000, 0x0000000703400000|100%| O|  |TAMS 0x0000000703400000, 0x0000000703300000| Untracked 
|  52|0x0000000703400000, 0x0000000703500000, 0x0000000703500000|100%| O|  |TAMS 0x0000000703500000, 0x0000000703400000| Untracked 
|  53|0x0000000703500000, 0x0000000703600000, 0x0000000703600000|100%| O|  |TAMS 0x0000000703600000, 0x0000000703500000| Untracked 
|  54|0x0000000703600000, 0x0000000703700000, 0x0000000703700000|100%| O|  |TAMS 0x0000000703700000, 0x0000000703600000| Untracked 
|  55|0x0000000703700000, 0x0000000703800000, 0x0000000703800000|100%| O|  |TAMS 0x0000000703800000, 0x0000000703700000| Untracked 
|  56|0x0000000703800000, 0x0000000703900000, 0x0000000703900000|100%|HS|  |TAMS 0x0000000703900000, 0x0000000703800000| Complete 
|  57|0x0000000703900000, 0x0000000703a00000, 0x0000000703a00000|100%|HC|  |TAMS 0x0000000703a00000, 0x0000000703900000| Complete 
|  58|0x0000000703a00000, 0x0000000703b00000, 0x0000000703b00000|100%|HC|  |TAMS 0x0000000703b00000, 0x0000000703a00000| Complete 
|  59|0x0000000703b00000, 0x0000000703c00000, 0x0000000703c00000|100%|HC|  |TAMS 0x0000000703c00000, 0x0000000703b00000| Complete 
|  60|0x0000000703c00000, 0x0000000703d00000, 0x0000000703d00000|100%|HC|  |TAMS 0x0000000703d00000, 0x0000000703c00000| Complete 
|  61|0x0000000703d00000, 0x0000000703e00000, 0x0000000703e00000|100%|HC|  |TAMS 0x0000000703e00000, 0x0000000703d00000| Complete 
|  62|0x0000000703e00000, 0x0000000703f00000, 0x0000000703f00000|100%|HS|  |TAMS 0x0000000703f00000, 0x0000000703e00000| Complete 
|  63|0x0000000703f00000, 0x0000000704000000, 0x0000000704000000|100%| O|  |TAMS 0x0000000704000000, 0x0000000703f00000| Untracked 
|  64|0x0000000704000000, 0x0000000704100000, 0x0000000704100000|100%| O|  |TAMS 0x0000000704100000, 0x0000000704000000| Untracked 
|  65|0x0000000704100000, 0x0000000704200000, 0x0000000704200000|100%| O|  |TAMS 0x0000000704200000, 0x0000000704100000| Untracked 
|  66|0x0000000704200000, 0x0000000704300000, 0x0000000704300000|100%| O|  |TAMS 0x0000000704300000, 0x0000000704200000| Untracked 
|  67|0x0000000704300000, 0x0000000704400000, 0x0000000704400000|100%| O|  |TAMS 0x0000000704400000, 0x0000000704300000| Untracked 
|  68|0x0000000704400000, 0x0000000704500000, 0x0000000704500000|100%| O|  |TAMS 0x0000000704500000, 0x0000000704400000| Untracked 
|  69|0x0000000704500000, 0x0000000704600000, 0x0000000704600000|100%| O|  |TAMS 0x0000000704600000, 0x0000000704500000| Untracked 
|  70|0x0000000704600000, 0x0000000704700000, 0x0000000704700000|100%| O|  |TAMS 0x0000000704700000, 0x0000000704600000| Untracked 
|  71|0x0000000704700000, 0x0000000704800000, 0x0000000704800000|100%| O|  |TAMS 0x0000000704800000, 0x0000000704700000| Untracked 
|  72|0x0000000704800000, 0x0000000704900000, 0x0000000704900000|100%| O|  |TAMS 0x0000000704900000, 0x0000000704800000| Untracked 
|  73|0x0000000704900000, 0x0000000704a00000, 0x0000000704a00000|100%| O|  |TAMS 0x0000000704a00000, 0x0000000704900000| Untracked 
|  74|0x0000000704a00000, 0x0000000704b00000, 0x0000000704b00000|100%| O|  |TAMS 0x0000000704b00000, 0x0000000704a00000| Untracked 
|  75|0x0000000704b00000, 0x0000000704c00000, 0x0000000704c00000|100%| O|  |TAMS 0x0000000704c00000, 0x0000000704b00000| Untracked 
|  76|0x0000000704c00000, 0x0000000704d00000, 0x0000000704d00000|100%| O|  |TAMS 0x0000000704d00000, 0x0000000704c00000| Untracked 
|  77|0x0000000704d00000, 0x0000000704e00000, 0x0000000704e00000|100%| O|  |TAMS 0x0000000704e00000, 0x0000000704d00000| Untracked 
|  78|0x0000000704e00000, 0x0000000704f00000, 0x0000000704f00000|100%| O|  |TAMS 0x0000000704f00000, 0x0000000704e00000| Untracked 
|  79|0x0000000704f00000, 0x0000000705000000, 0x0000000705000000|100%| O|  |TAMS 0x0000000705000000, 0x0000000704f00000| Untracked 
|  80|0x0000000705000000, 0x0000000705100000, 0x0000000705100000|100%| O|  |TAMS 0x0000000705100000, 0x0000000705000000| Untracked 
|  81|0x0000000705100000, 0x0000000705200000, 0x0000000705200000|100%| O|  |TAMS 0x0000000705200000, 0x0000000705100000| Untracked 
|  82|0x0000000705200000, 0x0000000705300000, 0x0000000705300000|100%| O|  |TAMS 0x0000000705300000, 0x0000000705200000| Untracked 
|  83|0x0000000705300000, 0x0000000705300000, 0x0000000705400000|  0%| F|  |TAMS 0x0000000705300000, 0x0000000705300000| Untracked 
|  84|0x0000000705400000, 0x0000000705500000, 0x0000000705500000|100%| O|  |TAMS 0x0000000705500000, 0x0000000705400000| Untracked 
|  85|0x0000000705500000, 0x0000000705600000, 0x0000000705600000|100%| O|  |TAMS 0x0000000705600000, 0x0000000705500000| Untracked 
|  86|0x0000000705600000, 0x0000000705600000, 0x0000000705700000|  0%| F|  |TAMS 0x0000000705600000, 0x0000000705600000| Untracked 
|  87|0x0000000705700000, 0x0000000705800000, 0x0000000705800000|100%| O|  |TAMS 0x0000000705800000, 0x0000000705700000| Untracked 
|  88|0x0000000705800000, 0x0000000705900000, 0x0000000705900000|100%| O|  |TAMS 0x0000000705900000, 0x0000000705800000| Untracked 
|  89|0x0000000705900000, 0x0000000705a00000, 0x0000000705a00000|100%| O|  |TAMS 0x0000000705a00000, 0x0000000705900000| Untracked 
|  90|0x0000000705a00000, 0x0000000705a00000, 0x0000000705b00000|  0%| F|  |TAMS 0x0000000705a00000, 0x0000000705a00000| Untracked 
|  91|0x0000000705b00000, 0x0000000705b00000, 0x0000000705c00000|  0%| F|  |TAMS 0x0000000705b00000, 0x0000000705b00000| Untracked 
|  92|0x0000000705c00000, 0x0000000705c00000, 0x0000000705d00000|  0%| F|  |TAMS 0x0000000705c00000, 0x0000000705c00000| Untracked 
|  93|0x0000000705d00000, 0x0000000705e00000, 0x0000000705e00000|100%| O|  |TAMS 0x0000000705e00000, 0x0000000705d00000| Untracked 
|  94|0x0000000705e00000, 0x0000000705f00000, 0x0000000705f00000|100%| O|  |TAMS 0x0000000705f00000, 0x0000000705e00000| Untracked 
|  95|0x0000000705f00000, 0x0000000706000000, 0x0000000706000000|100%| O|  |TAMS 0x0000000706000000, 0x0000000705f00000| Untracked 
|  96|0x0000000706000000, 0x0000000706100000, 0x0000000706100000|100%| O|  |TAMS 0x0000000706100000, 0x0000000706000000| Untracked 
|  97|0x0000000706100000, 0x0000000706200000, 0x0000000706200000|100%| O|  |TAMS 0x0000000706200000, 0x0000000706100000| Untracked 
|  98|0x0000000706200000, 0x0000000706300000, 0x0000000706300000|100%| O|  |TAMS 0x0000000706300000, 0x0000000706200000| Untracked 
|  99|0x0000000706300000, 0x0000000706400000, 0x0000000706400000|100%| O|  |TAMS 0x0000000706400000, 0x0000000706300000| Untracked 
| 100|0x0000000706400000, 0x0000000706500000, 0x0000000706500000|100%|HS|  |TAMS 0x0000000706500000, 0x0000000706400000| Complete 
| 101|0x0000000706500000, 0x0000000706600000, 0x0000000706600000|100%|HC|  |TAMS 0x0000000706600000, 0x0000000706500000| Complete 
| 102|0x0000000706600000, 0x0000000706700000, 0x0000000706700000|100%|HS|  |TAMS 0x0000000706700000, 0x0000000706600000| Complete 
| 103|0x0000000706700000, 0x0000000706800000, 0x0000000706800000|100%|HC|  |TAMS 0x0000000706800000, 0x0000000706700000| Complete 
| 104|0x0000000706800000, 0x0000000706900000, 0x0000000706900000|100%| O|  |TAMS 0x0000000706900000, 0x0000000706800000| Untracked 
| 105|0x0000000706900000, 0x0000000706a00000, 0x0000000706a00000|100%| O|  |TAMS 0x0000000706a00000, 0x0000000706900000| Untracked 
| 106|0x0000000706a00000, 0x0000000706b00000, 0x0000000706b00000|100%| O|  |TAMS 0x0000000706b00000, 0x0000000706a00000| Untracked 
| 107|0x0000000706b00000, 0x0000000706c00000, 0x0000000706c00000|100%| O|  |TAMS 0x0000000706c00000, 0x0000000706b00000| Untracked 
| 108|0x0000000706c00000, 0x0000000706d00000, 0x0000000706d00000|100%| O|  |TAMS 0x0000000706d00000, 0x0000000706c00000| Untracked 
| 109|0x0000000706d00000, 0x0000000706e00000, 0x0000000706e00000|100%| O|  |TAMS 0x0000000706e00000, 0x0000000706d00000| Untracked 
| 110|0x0000000706e00000, 0x0000000706f00000, 0x0000000706f00000|100%| O|  |TAMS 0x0000000706f00000, 0x0000000706e00000| Untracked 
| 111|0x0000000706f00000, 0x0000000707000000, 0x0000000707000000|100%| O|  |TAMS 0x0000000707000000, 0x0000000706f00000| Untracked 
| 112|0x0000000707000000, 0x0000000707100000, 0x0000000707100000|100%| O|  |TAMS 0x0000000707100000, 0x0000000707000000| Untracked 
| 113|0x0000000707100000, 0x0000000707200000, 0x0000000707200000|100%| O|  |TAMS 0x0000000707194400, 0x0000000707100000| Untracked 
| 114|0x0000000707200000, 0x0000000707300000, 0x0000000707300000|100%| O|  |TAMS 0x0000000707200000, 0x0000000707200000| Untracked 
| 115|0x0000000707300000, 0x0000000707400000, 0x0000000707400000|100%| O|  |TAMS 0x0000000707300000, 0x0000000707300000| Untracked 
| 116|0x0000000707400000, 0x0000000707500000, 0x0000000707500000|100%| O|  |TAMS 0x0000000707400000, 0x0000000707400000| Untracked 
| 117|0x0000000707500000, 0x0000000707600000, 0x0000000707600000|100%| O|  |TAMS 0x0000000707500000, 0x0000000707500000| Untracked 
| 118|0x0000000707600000, 0x0000000707700000, 0x0000000707700000|100%| O|  |TAMS 0x0000000707600000, 0x0000000707600000| Untracked 
| 119|0x0000000707700000, 0x0000000707800000, 0x0000000707800000|100%| O|  |TAMS 0x0000000707700000, 0x0000000707700000| Untracked 
| 120|0x0000000707800000, 0x0000000707900000, 0x0000000707900000|100%| O|  |TAMS 0x0000000707800000, 0x0000000707800000| Untracked 
| 121|0x0000000707900000, 0x0000000707a00000, 0x0000000707a00000|100%| O|  |TAMS 0x0000000707900000, 0x0000000707900000| Untracked 
| 122|0x0000000707a00000, 0x0000000707b00000, 0x0000000707b00000|100%| O|  |TAMS 0x0000000707a00000, 0x0000000707a00000| Untracked 
| 123|0x0000000707b00000, 0x0000000707c00000, 0x0000000707c00000|100%| O|  |TAMS 0x0000000707b00000, 0x0000000707b00000| Untracked 
| 124|0x0000000707c00000, 0x0000000707d00000, 0x0000000707d00000|100%| O|  |TAMS 0x0000000707c00000, 0x0000000707c00000| Untracked 
| 125|0x0000000707d00000, 0x0000000707e00000, 0x0000000707e00000|100%| O|  |TAMS 0x0000000707d00000, 0x0000000707d00000| Untracked 
| 126|0x0000000707e00000, 0x0000000707f00000, 0x0000000707f00000|100%| O|  |TAMS 0x0000000707e00000, 0x0000000707e00000| Untracked 
| 127|0x0000000707f00000, 0x0000000708000000, 0x0000000708000000|100%| O|  |TAMS 0x0000000707f00000, 0x0000000707f00000| Untracked 
| 128|0x0000000708000000, 0x0000000708100000, 0x0000000708100000|100%| O|  |TAMS 0x0000000708000000, 0x0000000708000000| Untracked 
| 129|0x0000000708100000, 0x0000000708200000, 0x0000000708200000|100%| O|  |TAMS 0x0000000708100000, 0x0000000708100000| Untracked 
| 130|0x0000000708200000, 0x0000000708300000, 0x0000000708300000|100%| O|  |TAMS 0x0000000708200000, 0x0000000708200000| Untracked 
| 131|0x0000000708300000, 0x0000000708400000, 0x0000000708400000|100%| O|  |TAMS 0x0000000708300000, 0x0000000708300000| Untracked 
| 132|0x0000000708400000, 0x0000000708500000, 0x0000000708500000|100%| O|  |TAMS 0x0000000708400000, 0x0000000708400000| Untracked 
| 133|0x0000000708500000, 0x0000000708600000, 0x0000000708600000|100%| O|  |TAMS 0x0000000708500000, 0x0000000708500000| Untracked 
| 134|0x0000000708600000, 0x0000000708700000, 0x0000000708700000|100%| O|  |TAMS 0x0000000708600000, 0x0000000708600000| Untracked 
| 135|0x0000000708700000, 0x000000070877c400, 0x0000000708800000| 48%| O|  |TAMS 0x0000000708700000, 0x0000000708700000| Untracked 
| 136|0x0000000708800000, 0x0000000708800000, 0x0000000708900000|  0%| F|  |TAMS 0x0000000708800000, 0x0000000708800000| Untracked 
| 137|0x0000000708900000, 0x0000000708900000, 0x0000000708a00000|  0%| F|  |TAMS 0x0000000708900000, 0x0000000708900000| Untracked 
| 138|0x0000000708a00000, 0x0000000708a00000, 0x0000000708b00000|  0%| F|  |TAMS 0x0000000708a00000, 0x0000000708a00000| Untracked 
| 139|0x0000000708b00000, 0x0000000708b00000, 0x0000000708c00000|  0%| F|  |TAMS 0x0000000708b00000, 0x0000000708b00000| Untracked 
| 140|0x0000000708c00000, 0x0000000708c00000, 0x0000000708d00000|  0%| F|  |TAMS 0x0000000708c00000, 0x0000000708c00000| Untracked 
| 141|0x0000000708d00000, 0x0000000708d00000, 0x0000000708e00000|  0%| F|  |TAMS 0x0000000708d00000, 0x0000000708d00000| Untracked 
| 142|0x0000000708e00000, 0x0000000708e00000, 0x0000000708f00000|  0%| F|  |TAMS 0x0000000708e00000, 0x0000000708e00000| Untracked 
| 143|0x0000000708f00000, 0x0000000708f00000, 0x0000000709000000|  0%| F|  |TAMS 0x0000000708f00000, 0x0000000708f00000| Untracked 
| 144|0x0000000709000000, 0x0000000709000000, 0x0000000709100000|  0%| F|  |TAMS 0x0000000709000000, 0x0000000709000000| Untracked 
| 145|0x0000000709100000, 0x0000000709100000, 0x0000000709200000|  0%| F|  |TAMS 0x0000000709100000, 0x0000000709100000| Untracked 
| 146|0x0000000709200000, 0x0000000709200000, 0x0000000709300000|  0%| F|  |TAMS 0x0000000709200000, 0x0000000709200000| Untracked 
| 147|0x0000000709300000, 0x0000000709300000, 0x0000000709400000|  0%| F|  |TAMS 0x0000000709300000, 0x0000000709300000| Untracked 
| 148|0x0000000709400000, 0x0000000709400000, 0x0000000709500000|  0%| F|  |TAMS 0x0000000709400000, 0x0000000709400000| Untracked 
| 149|0x0000000709500000, 0x0000000709500000, 0x0000000709600000|  0%| F|  |TAMS 0x0000000709500000, 0x0000000709500000| Untracked 
| 150|0x0000000709600000, 0x0000000709600000, 0x0000000709700000|  0%| F|  |TAMS 0x0000000709600000, 0x0000000709600000| Untracked 
| 151|0x0000000709700000, 0x0000000709700000, 0x0000000709800000|  0%| F|  |TAMS 0x0000000709700000, 0x0000000709700000| Untracked 
| 152|0x0000000709800000, 0x0000000709800000, 0x0000000709900000|  0%| F|  |TAMS 0x0000000709800000, 0x0000000709800000| Untracked 
| 153|0x0000000709900000, 0x0000000709900000, 0x0000000709a00000|  0%| F|  |TAMS 0x0000000709900000, 0x0000000709900000| Untracked 
| 154|0x0000000709a00000, 0x0000000709a00000, 0x0000000709b00000|  0%| F|  |TAMS 0x0000000709a00000, 0x0000000709a00000| Untracked 
| 155|0x0000000709b00000, 0x0000000709b00000, 0x0000000709c00000|  0%| F|  |TAMS 0x0000000709b00000, 0x0000000709b00000| Untracked 
| 156|0x0000000709c00000, 0x0000000709c00000, 0x0000000709d00000|  0%| F|  |TAMS 0x0000000709c00000, 0x0000000709c00000| Untracked 
| 157|0x0000000709d00000, 0x0000000709d00000, 0x0000000709e00000|  0%| F|  |TAMS 0x0000000709d00000, 0x0000000709d00000| Untracked 
| 158|0x0000000709e00000, 0x0000000709e00000, 0x0000000709f00000|  0%| F|  |TAMS 0x0000000709e00000, 0x0000000709e00000| Untracked 
| 159|0x0000000709f00000, 0x0000000709f00000, 0x000000070a000000|  0%| F|  |TAMS 0x0000000709f00000, 0x0000000709f00000| Untracked 
| 160|0x000000070a000000, 0x000000070a000000, 0x000000070a100000|  0%| F|  |TAMS 0x000000070a000000, 0x000000070a000000| Untracked 
| 161|0x000000070a100000, 0x000000070a100000, 0x000000070a200000|  0%| F|  |TAMS 0x000000070a100000, 0x000000070a100000| Untracked 
| 162|0x000000070a200000, 0x000000070a200000, 0x000000070a300000|  0%| F|  |TAMS 0x000000070a200000, 0x000000070a200000| Untracked 
| 163|0x000000070a300000, 0x000000070a300000, 0x000000070a400000|  0%| F|  |TAMS 0x000000070a300000, 0x000000070a300000| Untracked 
| 164|0x000000070a400000, 0x000000070a400000, 0x000000070a500000|  0%| F|  |TAMS 0x000000070a400000, 0x000000070a400000| Untracked 
| 165|0x000000070a500000, 0x000000070a500000, 0x000000070a600000|  0%| F|  |TAMS 0x000000070a500000, 0x000000070a500000| Untracked 
| 166|0x000000070a600000, 0x000000070a600000, 0x000000070a700000|  0%| F|  |TAMS 0x000000070a600000, 0x000000070a600000| Untracked 
| 167|0x000000070a700000, 0x000000070a700000, 0x000000070a800000|  0%| F|  |TAMS 0x000000070a700000, 0x000000070a700000| Untracked 
| 168|0x000000070a800000, 0x000000070a800000, 0x000000070a900000|  0%| F|  |TAMS 0x000000070a800000, 0x000000070a800000| Untracked 
| 169|0x000000070a900000, 0x000000070a900000, 0x000000070aa00000|  0%| F|  |TAMS 0x000000070a900000, 0x000000070a900000| Untracked 
| 170|0x000000070aa00000, 0x000000070aa00000, 0x000000070ab00000|  0%| F|  |TAMS 0x000000070aa00000, 0x000000070aa00000| Untracked 
| 171|0x000000070ab00000, 0x000000070ab00000, 0x000000070ac00000|  0%| F|  |TAMS 0x000000070ab00000, 0x000000070ab00000| Untracked 
| 172|0x000000070ac00000, 0x000000070ac00000, 0x000000070ad00000|  0%| F|  |TAMS 0x000000070ac00000, 0x000000070ac00000| Untracked 
| 173|0x000000070ad00000, 0x000000070ad00000, 0x000000070ae00000|  0%| F|  |TAMS 0x000000070ad00000, 0x000000070ad00000| Untracked 
| 174|0x000000070ae00000, 0x000000070ae00000, 0x000000070af00000|  0%| F|  |TAMS 0x000000070ae00000, 0x000000070ae00000| Untracked 
| 175|0x000000070af00000, 0x000000070af00000, 0x000000070b000000|  0%| F|  |TAMS 0x000000070af00000, 0x000000070af00000| Untracked 
| 176|0x000000070b000000, 0x000000070b000000, 0x000000070b100000|  0%| F|  |TAMS 0x000000070b000000, 0x000000070b000000| Untracked 
| 177|0x000000070b100000, 0x000000070b100000, 0x000000070b200000|  0%| F|  |TAMS 0x000000070b100000, 0x000000070b100000| Untracked 
| 178|0x000000070b200000, 0x000000070b200000, 0x000000070b300000|  0%| F|  |TAMS 0x000000070b200000, 0x000000070b200000| Untracked 
| 179|0x000000070b300000, 0x000000070b300000, 0x000000070b400000|  0%| F|  |TAMS 0x000000070b300000, 0x000000070b300000| Untracked 
| 180|0x000000070b400000, 0x000000070b400000, 0x000000070b500000|  0%| F|  |TAMS 0x000000070b400000, 0x000000070b400000| Untracked 
| 181|0x000000070b500000, 0x000000070b500000, 0x000000070b600000|  0%| F|  |TAMS 0x000000070b500000, 0x000000070b500000| Untracked 
| 182|0x000000070b600000, 0x000000070b600000, 0x000000070b700000|  0%| F|  |TAMS 0x000000070b600000, 0x000000070b600000| Untracked 
| 183|0x000000070b700000, 0x000000070b700000, 0x000000070b800000|  0%| F|  |TAMS 0x000000070b700000, 0x000000070b700000| Untracked 
| 184|0x000000070b800000, 0x000000070b800000, 0x000000070b900000|  0%| F|  |TAMS 0x000000070b800000, 0x000000070b800000| Untracked 
| 185|0x000000070b900000, 0x000000070b900000, 0x000000070ba00000|  0%| F|  |TAMS 0x000000070b900000, 0x000000070b900000| Untracked 
| 186|0x000000070ba00000, 0x000000070ba00000, 0x000000070bb00000|  0%| F|  |TAMS 0x000000070ba00000, 0x000000070ba00000| Untracked 
| 187|0x000000070bb00000, 0x000000070bb00000, 0x000000070bc00000|  0%| F|  |TAMS 0x000000070bb00000, 0x000000070bb00000| Untracked 
| 188|0x000000070bc00000, 0x000000070bc00000, 0x000000070bd00000|  0%| F|  |TAMS 0x000000070bc00000, 0x000000070bc00000| Untracked 
| 189|0x000000070bd00000, 0x000000070bd00000, 0x000000070be00000|  0%| F|  |TAMS 0x000000070bd00000, 0x000000070bd00000| Untracked 
| 190|0x000000070be00000, 0x000000070be00000, 0x000000070bf00000|  0%| F|  |TAMS 0x000000070be00000, 0x000000070be00000| Untracked 
| 191|0x000000070bf00000, 0x000000070bf00000, 0x000000070c000000|  0%| F|  |TAMS 0x000000070bf00000, 0x000000070bf00000| Untracked 
| 192|0x000000070c000000, 0x000000070c000000, 0x000000070c100000|  0%| F|  |TAMS 0x000000070c000000, 0x000000070c000000| Untracked 
| 193|0x000000070c100000, 0x000000070c100000, 0x000000070c200000|  0%| F|  |TAMS 0x000000070c100000, 0x000000070c100000| Untracked 
| 194|0x000000070c200000, 0x000000070c200000, 0x000000070c300000|  0%| F|  |TAMS 0x000000070c200000, 0x000000070c200000| Untracked 
| 195|0x000000070c300000, 0x000000070c300000, 0x000000070c400000|  0%| F|  |TAMS 0x000000070c300000, 0x000000070c300000| Untracked 
| 196|0x000000070c400000, 0x000000070c400000, 0x000000070c500000|  0%| F|  |TAMS 0x000000070c400000, 0x000000070c400000| Untracked 
| 197|0x000000070c500000, 0x000000070c500000, 0x000000070c600000|  0%| F|  |TAMS 0x000000070c500000, 0x000000070c500000| Untracked 
| 198|0x000000070c600000, 0x000000070c600000, 0x000000070c700000|  0%| F|  |TAMS 0x000000070c600000, 0x000000070c600000| Untracked 
| 199|0x000000070c700000, 0x000000070c700000, 0x000000070c800000|  0%| F|  |TAMS 0x000000070c700000, 0x000000070c700000| Untracked 
| 200|0x000000070c800000, 0x000000070c800000, 0x000000070c900000|  0%| F|  |TAMS 0x000000070c800000, 0x000000070c800000| Untracked 
| 201|0x000000070c900000, 0x000000070c900000, 0x000000070ca00000|  0%| F|  |TAMS 0x000000070c900000, 0x000000070c900000| Untracked 
| 202|0x000000070ca00000, 0x000000070ca00000, 0x000000070cb00000|  0%| F|  |TAMS 0x000000070ca00000, 0x000000070ca00000| Untracked 
| 203|0x000000070cb00000, 0x000000070cb00000, 0x000000070cc00000|  0%| F|  |TAMS 0x000000070cb00000, 0x000000070cb00000| Untracked 
| 204|0x000000070cc00000, 0x000000070cc00000, 0x000000070cd00000|  0%| F|  |TAMS 0x000000070cc00000, 0x000000070cc00000| Untracked 
| 205|0x000000070cd00000, 0x000000070cd00000, 0x000000070ce00000|  0%| F|  |TAMS 0x000000070cd00000, 0x000000070cd00000| Untracked 
| 206|0x000000070ce00000, 0x000000070ce00000, 0x000000070cf00000|  0%| F|  |TAMS 0x000000070ce00000, 0x000000070ce00000| Untracked 
| 207|0x000000070cf00000, 0x000000070cf00000, 0x000000070d000000|  0%| F|  |TAMS 0x000000070cf00000, 0x000000070cf00000| Untracked 
| 208|0x000000070d000000, 0x000000070d000000, 0x000000070d100000|  0%| F|  |TAMS 0x000000070d000000, 0x000000070d000000| Untracked 
| 209|0x000000070d100000, 0x000000070d100000, 0x000000070d200000|  0%| F|  |TAMS 0x000000070d100000, 0x000000070d100000| Untracked 
| 210|0x000000070d200000, 0x000000070d200000, 0x000000070d300000|  0%| F|  |TAMS 0x000000070d200000, 0x000000070d200000| Untracked 
| 211|0x000000070d300000, 0x000000070d300000, 0x000000070d400000|  0%| F|  |TAMS 0x000000070d300000, 0x000000070d300000| Untracked 
| 212|0x000000070d400000, 0x000000070d400000, 0x000000070d500000|  0%| F|  |TAMS 0x000000070d400000, 0x000000070d400000| Untracked 
| 213|0x000000070d500000, 0x000000070d500000, 0x000000070d600000|  0%| F|  |TAMS 0x000000070d500000, 0x000000070d500000| Untracked 
| 214|0x000000070d600000, 0x000000070d600000, 0x000000070d700000|  0%| F|  |TAMS 0x000000070d600000, 0x000000070d600000| Untracked 
| 215|0x000000070d700000, 0x000000070d700000, 0x000000070d800000|  0%| F|  |TAMS 0x000000070d700000, 0x000000070d700000| Untracked 
| 216|0x000000070d800000, 0x000000070d800000, 0x000000070d900000|  0%| F|  |TAMS 0x000000070d800000, 0x000000070d800000| Untracked 
| 217|0x000000070d900000, 0x000000070d900000, 0x000000070da00000|  0%| F|  |TAMS 0x000000070d900000, 0x000000070d900000| Untracked 
| 218|0x000000070da00000, 0x000000070da00000, 0x000000070db00000|  0%| F|  |TAMS 0x000000070da00000, 0x000000070da00000| Untracked 
| 219|0x000000070db00000, 0x000000070db00000, 0x000000070dc00000|  0%| F|  |TAMS 0x000000070db00000, 0x000000070db00000| Untracked 
| 220|0x000000070dc00000, 0x000000070dc00000, 0x000000070dd00000|  0%| F|  |TAMS 0x000000070dc00000, 0x000000070dc00000| Untracked 
| 221|0x000000070dd00000, 0x000000070dd00000, 0x000000070de00000|  0%| F|  |TAMS 0x000000070dd00000, 0x000000070dd00000| Untracked 
| 222|0x000000070de00000, 0x000000070de00000, 0x000000070df00000|  0%| F|  |TAMS 0x000000070de00000, 0x000000070de00000| Untracked 
| 223|0x000000070df00000, 0x000000070df00000, 0x000000070e000000|  0%| F|  |TAMS 0x000000070df00000, 0x000000070df00000| Untracked 
| 224|0x000000070e000000, 0x000000070e000000, 0x000000070e100000|  0%| F|  |TAMS 0x000000070e000000, 0x000000070e000000| Untracked 
| 225|0x000000070e100000, 0x000000070e100000, 0x000000070e200000|  0%| F|  |TAMS 0x000000070e100000, 0x000000070e100000| Untracked 
| 226|0x000000070e200000, 0x000000070e200000, 0x000000070e300000|  0%| F|  |TAMS 0x000000070e200000, 0x000000070e200000| Untracked 
| 227|0x000000070e300000, 0x000000070e300000, 0x000000070e400000|  0%| F|  |TAMS 0x000000070e300000, 0x000000070e300000| Untracked 
| 228|0x000000070e400000, 0x000000070e400000, 0x000000070e500000|  0%| F|  |TAMS 0x000000070e400000, 0x000000070e400000| Untracked 
| 229|0x000000070e500000, 0x000000070e500000, 0x000000070e600000|  0%| F|  |TAMS 0x000000070e500000, 0x000000070e500000| Untracked 
| 230|0x000000070e600000, 0x000000070e600000, 0x000000070e700000|  0%| F|  |TAMS 0x000000070e600000, 0x000000070e600000| Untracked 
| 231|0x000000070e700000, 0x000000070e700000, 0x000000070e800000|  0%| F|  |TAMS 0x000000070e700000, 0x000000070e700000| Untracked 
| 232|0x000000070e800000, 0x000000070e800000, 0x000000070e900000|  0%| F|  |TAMS 0x000000070e800000, 0x000000070e800000| Untracked 
| 233|0x000000070e900000, 0x000000070e900000, 0x000000070ea00000|  0%| F|  |TAMS 0x000000070e900000, 0x000000070e900000| Untracked 
| 234|0x000000070ea00000, 0x000000070ea00000, 0x000000070eb00000|  0%| F|  |TAMS 0x000000070ea00000, 0x000000070ea00000| Untracked 
| 235|0x000000070eb00000, 0x000000070eb00000, 0x000000070ec00000|  0%| F|  |TAMS 0x000000070eb00000, 0x000000070eb00000| Untracked 
| 236|0x000000070ec00000, 0x000000070ec00000, 0x000000070ed00000|  0%| F|  |TAMS 0x000000070ec00000, 0x000000070ec00000| Untracked 
| 237|0x000000070ed00000, 0x000000070ed00000, 0x000000070ee00000|  0%| F|  |TAMS 0x000000070ed00000, 0x000000070ed00000| Untracked 
| 238|0x000000070ee00000, 0x000000070ee00000, 0x000000070ef00000|  0%| F|  |TAMS 0x000000070ee00000, 0x000000070ee00000| Untracked 
| 239|0x000000070ef00000, 0x000000070ef00000, 0x000000070f000000|  0%| F|  |TAMS 0x000000070ef00000, 0x000000070ef00000| Untracked 
| 240|0x000000070f000000, 0x000000070f000000, 0x000000070f100000|  0%| F|  |TAMS 0x000000070f000000, 0x000000070f000000| Untracked 
| 241|0x000000070f100000, 0x000000070f200000, 0x000000070f200000|100%| E|  |TAMS 0x000000070f100000, 0x000000070f100000| Complete 
| 242|0x000000070f200000, 0x000000070f300000, 0x000000070f300000|100%| E|CS|TAMS 0x000000070f200000, 0x000000070f200000| Complete 
| 243|0x000000070f300000, 0x000000070f400000, 0x000000070f400000|100%| E|CS|TAMS 0x000000070f300000, 0x000000070f300000| Complete 
| 244|0x000000070f400000, 0x000000070f500000, 0x000000070f500000|100%| E|CS|TAMS 0x000000070f400000, 0x000000070f400000| Complete 
| 245|0x000000070f500000, 0x000000070f600000, 0x000000070f600000|100%| E|CS|TAMS 0x000000070f500000, 0x000000070f500000| Complete 
| 246|0x000000070f600000, 0x000000070f700000, 0x000000070f700000|100%| E|CS|TAMS 0x000000070f600000, 0x000000070f600000| Complete 
| 247|0x000000070f700000, 0x000000070f800000, 0x000000070f800000|100%| E|CS|TAMS 0x000000070f700000, 0x000000070f700000| Complete 
| 248|0x000000070f800000, 0x000000070f900000, 0x000000070f900000|100%| E|CS|TAMS 0x000000070f800000, 0x000000070f800000| Complete 
| 249|0x000000070f900000, 0x000000070f9da090, 0x000000070fa00000| 85%| S|CS|TAMS 0x000000070f900000, 0x000000070f900000| Complete 
| 250|0x000000070fa00000, 0x000000070fb00000, 0x000000070fb00000|100%| S|CS|TAMS 0x000000070fa00000, 0x000000070fa00000| Complete 
| 251|0x000000070fb00000, 0x000000070fc00000, 0x000000070fc00000|100%| E|CS|TAMS 0x000000070fb00000, 0x000000070fb00000| Complete 
| 252|0x000000070fc00000, 0x000000070fd00000, 0x000000070fd00000|100%| E|CS|TAMS 0x000000070fc00000, 0x000000070fc00000| Complete 
| 253|0x000000070fd00000, 0x000000070fe00000, 0x000000070fe00000|100%| E|CS|TAMS 0x000000070fd00000, 0x000000070fd00000| Complete 

Card table byte_map: [0x00000199ee370000,0x00000199eeb70000] _byte_map_base: 0x00000199eab70000

Marking Bits (Prev, Next): (CMBitMap*) 0x00000199d74ea7f0, (CMBitMap*) 0x00000199d74ea7b8
 Prev Bits: [0x00000199f3370000, 0x00000199f7370000)
 Next Bits: [0x00000199ef370000, 0x00000199f3370000)

Polling page: 0x00000199d5420000

Metaspace:

Usage:
  Non-class:    131.61 MB capacity,   128.91 MB ( 98%) used,     2.19 MB (  2%) free+waste,   529.00 KB ( <1%) overhead. 
      Class:     19.98 MB capacity,    18.24 MB ( 91%) used,     1.49 MB (  7%) free+waste,   251.06 KB (  1%) overhead. 
       Both:    151.59 MB capacity,   147.15 MB ( 97%) used,     3.68 MB (  2%) free+waste,   780.06 KB ( <1%) overhead. 

Virtual space:
  Non-class space:      132.00 MB reserved,     131.70 MB (>99%) committed 
      Class space:     1016.00 MB reserved,      20.09 MB (  2%) committed 
             Both:        1.12 GB reserved,     151.79 MB ( 13%) committed 

Chunk freelists:
   Non-Class:  2.88 KB
       Class:  0 bytes
        Both:  2.88 KB

CodeHeap 'non-profiled nmethods': size=120064Kb used=10719Kb max_used=10719Kb free=109344Kb
 bounds [0x00000199e6630000, 0x00000199e70b0000, 0x00000199edb70000]
CodeHeap 'profiled nmethods': size=120000Kb used=39501Kb max_used=39501Kb free=80498Kb
 bounds [0x00000199df100000, 0x00000199e17b0000, 0x00000199e6630000]
CodeHeap 'non-nmethods': size=5696Kb used=2479Kb max_used=2545Kb free=3216Kb
 bounds [0x00000199deb70000, 0x00000199dee00000, 0x00000199df100000]
 total_blobs=16979 nmethods=15843 adapters=1044
 compilation: enabled
              stopped_count=0, restarted_count=0
 full_count=0

Compilation events (10 events):
Event: 114.693 Thread 0x00000199fa193800 nmethod 17305 0x00000199e17a0f90 code [0x00000199e17a1160, 0x00000199e17a16c8]
Event: 114.693 Thread 0x00000199fa193800 17306   !   3       org.jetbrains.kotlin.com.intellij.util.ReflectionUtil::createInstance (43 bytes)
Event: 114.695 Thread 0x00000199fa193800 nmethod 17306 0x00000199e17a1810 code [0x00000199e17a1a60, 0x00000199e17a2158]
Event: 114.695 Thread 0x00000199fa193800 17307       3       org.jetbrains.kotlin.com.intellij.extapi.psi.StubBasedPsiElementBase::<init> (31 bytes)
Event: 114.696 Thread 0x00000199fa193800 nmethod 17307 0x00000199e17a2510 code [0x00000199e17a2740, 0x00000199e17a2fc8]
Event: 114.760 Thread 0x00000199fc804000 nmethod 17293 0x00000199e70a5f90 code [0x00000199e70a61c0, 0x00000199e70a7e58]
Event: 114.760 Thread 0x00000199fc804000 17286       4       org.jetbrains.kotlin.types.AnnotationsTypeAttributeKt::getAnnotations (29 bytes)
Event: 114.763 Thread 0x00000199fc804000 nmethod 17286 0x00000199e70a8b10 code [0x00000199e70a8ca0, 0x00000199e70a8dd8]
Event: 114.763 Thread 0x00000199fc804000 17282       4       org.jetbrains.kotlin.serialization.deserialization.descriptors.DeserializedMemberScope::getContributedFunctions (24 bytes)
Event: 114.769 Thread 0x00000199fc804000 nmethod 17282 0x00000199e70a9010 code [0x00000199e70a91e0, 0x00000199e70a94c8]

GC Heap History (10 events):
Event: 100.437 GC heap before
{Heap before GC invocations=32 (full 0):
 garbage-first heap   total 260096K, used 215274K [0x0000000700000000, 0x0000000800000000)
  region size 1024K, 107 young (109568K), 11 survivors (11264K)
 Metaspace       used 145309K, capacity 149705K, committed 150052K, reserved 1171456K
  class space    used 18201K, capacity 19912K, committed 20060K, reserved 1040384K
}
Event: 100.456 GC heap after
{Heap after GC invocations=33 (full 0):
 garbage-first heap   total 260096K, used 119485K [0x0000000700000000, 0x0000000800000000)
  region size 1024K, 10 young (10240K), 10 survivors (10240K)
 Metaspace       used 145309K, capacity 149705K, committed 150052K, reserved 1171456K
  class space    used 18201K, capacity 19912K, committed 20060K, reserved 1040384K
}
Event: 104.115 GC heap before
{Heap before GC invocations=33 (full 0):
 garbage-first heap   total 260096K, used 216765K [0x0000000700000000, 0x0000000800000000)
  region size 1024K, 105 young (107520K), 10 survivors (10240K)
 Metaspace       used 148894K, capacity 153404K, committed 153764K, reserved 1175552K
  class space    used 18589K, capacity 20333K, committed 20444K, reserved 1040384K
}
Event: 104.132 GC heap after
{Heap after GC invocations=34 (full 0):
 garbage-first heap   total 260096K, used 120401K [0x0000000700000000, 0x0000000800000000)
  region size 1024K, 4 young (4096K), 4 survivors (4096K)
 Metaspace       used 148894K, capacity 153404K, committed 153764K, reserved 1175552K
  class space    used 18589K, capacity 20333K, committed 20444K, reserved 1040384K
}
Event: 108.928 GC heap before
{Heap before GC invocations=34 (full 0):
 garbage-first heap   total 260096K, used 176721K [0x0000000700000000, 0x0000000800000000)
  region size 1024K, 60 young (61440K), 4 survivors (4096K)
 Metaspace       used 149599K, capacity 154123K, committed 154276K, reserved 1175552K
  class space    used 18625K, capacity 20398K, committed 20444K, reserved 1040384K
}
Event: 108.949 GC heap after
{Heap after GC invocations=35 (full 0):
 garbage-first heap   total 260096K, used 129617K [0x0000000700000000, 0x0000000800000000)
  region size 1024K, 13 young (13312K), 13 survivors (13312K)
 Metaspace       used 149599K, capacity 154123K, committed 154276K, reserved 1175552K
  class space    used 18625K, capacity 20398K, committed 20444K, reserved 1040384K
}
Event: 113.480 GC heap before
{Heap before GC invocations=36 (full 0):
 garbage-first heap   total 260096K, used 207441K [0x0000000700000000, 0x0000000800000000)
  region size 1024K, 88 young (90112K), 13 survivors (13312K)
 Metaspace       used 150310K, capacity 154828K, committed 155044K, reserved 1175552K
  class space    used 18655K, capacity 20410K, committed 20444K, reserved 1040384K
}
Event: 113.521 GC heap after
{Heap after GC invocations=37 (full 0):
 garbage-first heap   total 260096K, used 138672K [0x0000000700000000, 0x0000000800000000)
  region size 1024K, 9 young (9216K), 9 survivors (9216K)
 Metaspace       used 150310K, capacity 154828K, committed 155044K, reserved 1175552K
  class space    used 18655K, capacity 20410K, committed 20444K, reserved 1040384K
}
Event: 113.956 GC heap before
{Heap before GC invocations=37 (full 0):
 garbage-first heap   total 260096K, used 141744K [0x0000000700000000, 0x0000000800000000)
  region size 1024K, 12 young (12288K), 9 survivors (9216K)
 Metaspace       used 150378K, capacity 154842K, committed 155044K, reserved 1175552K
  class space    used 18660K, capacity 20415K, committed 20444K, reserved 1040384K
}
Event: 113.973 GC heap after
{Heap after GC invocations=38 (full 0):
 garbage-first heap   total 260096K, used 135513K [0x0000000700000000, 0x0000000800000000)
  region size 1024K, 2 young (2048K), 2 survivors (2048K)
 Metaspace       used 150378K, capacity 154842K, committed 155044K, reserved 1175552K
  class space    used 18660K, capacity 20415K, committed 20444K, reserved 1040384K
}

Deoptimization events (10 events):
Event: 113.039 Thread 0x00000199fafed000 Uncommon trap: reason=speculate_class_check action=maybe_recompile pc=0x00000199e705c8f8 method=org.jetbrains.kotlin.types.checker.ClassicTypeSystemContext$DefaultImpls.asSimpleType(Lorg/jetbrains/kotlin/types/checker/ClassicTypeSystemContext;Lorg/jetbrai
Event: 113.163 Thread 0x00000199fafed000 Uncommon trap: reason=class_check action=maybe_recompile pc=0x00000199e705ddcc method=org.jetbrains.kotlin.types.ClassifierBasedTypeConstructor.equals(Ljava/lang/Object;)Z @ 30 c2
Event: 113.163 Thread 0x00000199fafed000 Uncommon trap: reason=class_check action=maybe_recompile pc=0x00000199e705ddcc method=org.jetbrains.kotlin.types.ClassifierBasedTypeConstructor.equals(Ljava/lang/Object;)Z @ 30 c2
Event: 113.163 Thread 0x00000199fafed000 Uncommon trap: reason=class_check action=maybe_recompile pc=0x00000199e705ddcc method=org.jetbrains.kotlin.types.ClassifierBasedTypeConstructor.equals(Ljava/lang/Object;)Z @ 30 c2
Event: 113.163 Thread 0x00000199fafed000 Uncommon trap: reason=class_check action=maybe_recompile pc=0x00000199e705ddcc method=org.jetbrains.kotlin.types.ClassifierBasedTypeConstructor.equals(Ljava/lang/Object;)Z @ 30 c2
Event: 113.869 Thread 0x00000199fafed000 Uncommon trap: reason=profile_predicate action=maybe_recompile pc=0x00000199e7052a48 method=org.jetbrains.org.objectweb.asm.ClassReader.accept(Lorg/jetbrains/org/objectweb/asm/ClassVisitor;[Lorg/jetbrains/org/objectweb/asm/Attribute;I)V @ 1131 c2
Event: 114.549 Thread 0x00000199fafed000 Uncommon trap: reason=unstable_if action=reinterpret pc=0x00000199e6fdcbec method=org.jetbrains.org.objectweb.asm.ClassReader.readElementValue(Lorg/jetbrains/org/objectweb/asm/AnnotationVisitor;ILjava/lang/String;[C)I @ 18 c2
Event: 114.562 Thread 0x00000199fafed000 Uncommon trap: reason=unstable_if action=reinterpret pc=0x00000199e6c6aeb8 method=org.jetbrains.kotlin.serialization.deserialization.descriptors.DeserializedMemberScope.getContributedClassifier(Lorg/jetbrains/kotlin/name/Name;Lorg/jetbrains/kotlin/increme
Event: 114.570 Thread 0x00000199fafed000 Uncommon trap: reason=unstable_if action=reinterpret pc=0x00000199e6c8f4fc method=org.jetbrains.kotlin.load.java.lazy.descriptors.JvmPackageScope.getContributedClassifier(Lorg/jetbrains/kotlin/name/Name;Lorg/jetbrains/kotlin/incremental/components/LookupL
Event: 114.611 Thread 0x00000199fafed000 Uncommon trap: reason=unstable_if action=reinterpret pc=0x00000199e705b160 method=org.jetbrains.kotlin.serialization.deserialization.descriptors.DeserializedMemberScope.getContributedClassifier(Lorg/jetbrains/kotlin/name/Name;Lorg/jetbrains/kotlin/increme

Classes redefined (0 events):
No events

Internal exceptions (10 events):
Event: 99.327 Thread 0x00000199fafed000 Exception <a 'java/lang/ClassNotFoundException'{0x000000070b397c28}: org/jetbrains/kotlin/gradle/targets/js/npm/DefaultDevNpmDependencyExtensionCustomizer> (0x000000070b397c28) thrown at [./open/src/hotspot/share/classfile/systemDictionary.cpp, line 226]
Event: 99.339 Thread 0x00000199fafed000 Exception <a 'java/lang/ClassNotFoundException'{0x000000070b20abb0}: org/jetbrains/kotlin/gradle/targets/js/npm/DefaultPeerNpmDependencyExtensionBeanInfo> (0x000000070b20abb0) thrown at [./open/src/hotspot/share/classfile/systemDictionary.cpp, line 226]
Event: 99.340 Thread 0x00000199fafed000 Exception <a 'java/lang/ClassNotFoundException'{0x000000070b220620}: org/jetbrains/kotlin/gradle/targets/js/npm/DefaultPeerNpmDependencyExtensionCustomizer> (0x000000070b220620) thrown at [./open/src/hotspot/share/classfile/systemDictionary.cpp, line 226]
Event: 99.427 Thread 0x00000199fafed000 Exception <a 'java/lang/ClassNotFoundException'{0x000000070b2a2090}: org/jetbrains/kotlin/gradle/targets/js/npm/DefaultPeerNpmDependencyExtension$delegate$1BeanInfo> (0x000000070b2a2090) thrown at [./open/src/hotspot/share/classfile/systemDictionary.cpp, 
Event: 99.427 Thread 0x00000199fafed000 Exception <a 'java/lang/ClassNotFoundException'{0x000000070b2b8228}: org/jetbrains/kotlin/gradle/targets/js/npm/DefaultPeerNpmDependencyExtension$delegate$1Customizer> (0x000000070b2b8228) thrown at [./open/src/hotspot/share/classfile/systemDictionary.cpp
Event: 107.209 Thread 0x00000199fafed000 Exception <a 'sun/nio/fs/WindowsException'{0x000000070e60abe8}> (0x000000070e60abe8) thrown at [./open/src/hotspot/share/prims/jni.cpp, line 611]
Event: 107.210 Thread 0x00000199fafed000 Exception <a 'sun/nio/fs/WindowsException'{0x000000070e60ce98}> (0x000000070e60ce98) thrown at [./open/src/hotspot/share/prims/jni.cpp, line 611]
Event: 107.214 Thread 0x00000199fafed000 Exception <a 'sun/nio/fs/WindowsException'{0x000000070e620230}> (0x000000070e620230) thrown at [./open/src/hotspot/share/prims/jni.cpp, line 611]
Event: 107.743 Thread 0x00000199fafed000 Exception <a 'sun/nio/fs/WindowsException'{0x000000070d69ad08}> (0x000000070d69ad08) thrown at [./open/src/hotspot/share/prims/jni.cpp, line 611]
Event: 113.891 Thread 0x00000199fafed000 Exception <a 'java/lang/NoSuchMethodError'{0x000000070fbd7d58}: java.lang.invoke.DirectMethodHandle$Holder.invokeStaticInit(Ljava/lang/Object;I)I> (0x000000070fbd7d58) thrown at [./open/src/hotspot/share/interpreter/linkResolver.cpp, line 772]

Events (10 events):
Event: 114.570 Thread 0x00000199fafed000 DEOPT PACKING pc=0x00000199e6c8f4fc sp=0x0000003b48bedd30
Event: 114.570 Thread 0x00000199fafed000 DEOPT UNPACKING pc=0x00000199deb968af sp=0x0000003b48bedcb0 mode 2
Event: 114.611 Thread 0x00000199fafed000 Uncommon trap: trap_request=0xffffff4d fr.pc=0x00000199e705b160 relative=0x0000000000000b00
Event: 114.613 Thread 0x00000199fafed000 DEOPT PACKING pc=0x00000199e705b160 sp=0x0000003b48bedbc0
Event: 114.614 Thread 0x00000199fafed000 DEOPT UNPACKING pc=0x00000199deb968af sp=0x0000003b48bedbc0 mode 2
Event: 114.651 Thread 0x00000199fc804000 Thread added: 0x00000199fc804000
Event: 114.681 loading class org/jetbrains/kotlin/load/kotlin/ModuleVisibilityUtilsKt
Event: 114.681 loading class org/jetbrains/kotlin/load/kotlin/ModuleVisibilityUtilsKt done
Event: 114.701 loading class org/jetbrains/kotlin/load/kotlin/AbstractBinaryClassAnnotationLoader$WhenMappings
Event: 114.701 loading class org/jetbrains/kotlin/load/kotlin/AbstractBinaryClassAnnotationLoader$WhenMappings done


Dynamic libraries:
0x00007ff711d10000 - 0x00007ff711d20000 	C:\Program Files\Java\jdk-11\bin\java.exe
0x00007fff35c80000 - 0x00007fff35e89000 	C:\WINDOWS\SYSTEM32\ntdll.dll
0x00007fff353f0000 - 0x00007fff354ad000 	C:\WINDOWS\System32\KERNEL32.DLL
0x00007fff335f0000 - 0x00007fff33974000 	C:\WINDOWS\System32\KERNELBASE.dll
0x00007fff33220000 - 0x00007fff33331000 	C:\WINDOWS\System32\ucrtbase.dll
0x00007fff03b70000 - 0x00007fff03b89000 	C:\Program Files\Java\jdk-11\bin\jli.dll
0x00007fff33fd0000 - 0x00007fff3407e000 	C:\WINDOWS\System32\ADVAPI32.dll
0x00007fff35b10000 - 0x00007fff35bb3000 	C:\WINDOWS\System32\msvcrt.dll
0x00007fff35580000 - 0x00007fff3561e000 	C:\WINDOWS\System32\sechost.dll
0x00007fff35650000 - 0x00007fff35771000 	C:\WINDOWS\System32\RPCRT4.dll
0x00007fff35940000 - 0x00007fff35aed000 	C:\WINDOWS\System32\USER32.dll
0x00007fff33aa0000 - 0x00007fff33ac6000 	C:\WINDOWS\System32\win32u.dll
0x00007fff35620000 - 0x00007fff3564a000 	C:\WINDOWS\System32\GDI32.dll
0x00007fff33980000 - 0x00007fff33a9e000 	C:\WINDOWS\System32\gdi32full.dll
0x00007fff33180000 - 0x00007fff3321d000 	C:\WINDOWS\System32\msvcp_win.dll
0x00007fff03970000 - 0x00007fff0398b000 	C:\Program Files\Java\jdk-11\bin\VCRUNTIME140.dll
0x00007fff32320000 - 0x00007fff325c5000 	C:\WINDOWS\WinSxS\amd64_microsoft.windows.common-controls_6595b64144ccf1df_6.0.22000.120_none_9d947278b86cc467\COMCTL32.dll
0x00007fff221f0000 - 0x00007fff221fa000 	C:\WINDOWS\SYSTEM32\VERSION.dll
0x00007fff348b0000 - 0x00007fff348e1000 	C:\WINDOWS\System32\IMM32.DLL
0x00007fff11710000 - 0x00007fff1171c000 	C:\Program Files\Java\jdk-11\bin\vcruntime140_1.dll
0x00007ffed37d0000 - 0x00007ffed385e000 	C:\Program Files\Java\jdk-11\bin\msvcp140.dll
0x00007ffead460000 - 0x00007ffeadfcd000 	C:\Program Files\Java\jdk-11\bin\server\jvm.dll
0x00007fff35c30000 - 0x00007fff35c38000 	C:\WINDOWS\System32\PSAPI.DLL
0x00007fff17d20000 - 0x00007fff17d29000 	C:\WINDOWS\SYSTEM32\WSOCK32.dll
0x00007fff354b0000 - 0x00007fff3551f000 	C:\WINDOWS\System32\WS2_32.dll
0x00007fff19770000 - 0x00007fff197a3000 	C:\WINDOWS\SYSTEM32\WINMM.dll
0x00007fff31ac0000 - 0x00007fff31ad8000 	C:\WINDOWS\SYSTEM32\kernel.appcore.dll
0x00007fff103a0000 - 0x00007fff103b0000 	C:\Program Files\Java\jdk-11\bin\verify.dll
0x00007fff32a50000 - 0x00007fff32c71000 	C:\WINDOWS\SYSTEM32\DBGHELP.DLL
0x00007fff32920000 - 0x00007fff32951000 	C:\WINDOWS\SYSTEM32\dbgcore.DLL
0x00007fff33340000 - 0x00007fff333bf000 	C:\WINDOWS\System32\bcryptPrimitives.dll
0x00007fff01490000 - 0x00007fff014b8000 	C:\Program Files\Java\jdk-11\bin\java.dll
0x00007fff10350000 - 0x00007fff1035a000 	C:\Program Files\Java\jdk-11\bin\jimage.dll
0x00007fff0ec10000 - 0x00007fff0ec1e000 	C:\Program Files\Java\jdk-11\bin\instrument.dll
0x00007ffef6390000 - 0x00007ffef63a7000 	C:\Program Files\Java\jdk-11\bin\zip.dll
0x00007fff34960000 - 0x00007fff35125000 	C:\WINDOWS\System32\SHELL32.dll
0x00007fff30af0000 - 0x00007fff31352000 	C:\WINDOWS\SYSTEM32\windows.storage.dll
0x00007fff33ad0000 - 0x00007fff33e46000 	C:\WINDOWS\System32\combase.dll
0x00007fff30980000 - 0x00007fff30ae7000 	C:\WINDOWS\SYSTEM32\wintypes.dll
0x00007fff345f0000 - 0x00007fff346da000 	C:\WINDOWS\System32\SHCORE.dll
0x00007fff35520000 - 0x00007fff3557d000 	C:\WINDOWS\System32\shlwapi.dll
0x00007fff33040000 - 0x00007fff33065000 	C:\WINDOWS\SYSTEM32\profapi.dll
0x00007ffef2960000 - 0x00007ffef2979000 	C:\Program Files\Java\jdk-11\bin\net.dll
0x00007fff27720000 - 0x00007fff27834000 	C:\WINDOWS\SYSTEM32\WINHTTP.dll
0x00007fff31f20000 - 0x00007fff31f87000 	C:\WINDOWS\system32\mswsock.dll
0x00007ffeed750000 - 0x00007ffeed762000 	C:\Program Files\Java\jdk-11\bin\nio.dll
0x00007fff018f0000 - 0x00007fff01917000 	C:\Users\NOIR\.gradle\native\1def1411415f61bf3af743bc5b6707747c0891f09f0c88961ee8f79bc544acac\windows-amd64\native-platform.dll
0x00007ffedf0c0000 - 0x00007ffedf138000 	C:\Users\NOIR\.gradle\native\0.2.7\x86_64-windows-gnu\gradle-fileevents.dll
0x00007fff089b0000 - 0x00007fff089b9000 	C:\Program Files\Java\jdk-11\bin\management.dll
0x00007fff06d30000 - 0x00007fff06d3b000 	C:\Program Files\Java\jdk-11\bin\management_ext.dll
0x00007fff315b0000 - 0x00007fff315dd000 	C:\WINDOWS\SYSTEM32\IPHLPAPI.DLL
0x00007fff34080000 - 0x00007fff34089000 	C:\WINDOWS\System32\NSI.dll
0x00007fff27700000 - 0x00007fff27719000 	C:\WINDOWS\SYSTEM32\dhcpcsvc6.DLL
0x00007fff27950000 - 0x00007fff2796e000 	C:\WINDOWS\SYSTEM32\dhcpcsvc.DLL
0x00007fff31620000 - 0x00007fff31707000 	C:\WINDOWS\SYSTEM32\DNSAPI.dll
0x00007fff32db0000 - 0x00007fff32dc8000 	C:\WINDOWS\SYSTEM32\CRYPTSP.dll
0x00007fff31a20000 - 0x00007fff31a55000 	C:\WINDOWS\system32\rsaenh.dll
0x00007fff31fc0000 - 0x00007fff31fec000 	C:\WINDOWS\SYSTEM32\USERENV.dll
0x00007fff329e0000 - 0x00007fff32a07000 	C:\WINDOWS\SYSTEM32\bcrypt.dll
0x00007fff321e0000 - 0x00007fff321ec000 	C:\WINDOWS\SYSTEM32\CRYPTBASE.dll
0x00007fff32a10000 - 0x00007fff32a44000 	C:\WINDOWS\SYSTEM32\ntmarta.dll

dbghelp: loaded successfully - version: 4.0.5 - missing functions: none
symbol engine: initialized successfully - sym options: 0x614 - pdb path: .;C:\Program Files\Java\jdk-11\bin;C:\WINDOWS\SYSTEM32;C:\WINDOWS\WinSxS\amd64_microsoft.windows.common-controls_6595b64144ccf1df_6.0.22000.120_none_9d947278b86cc467;C:\Program Files\Java\jdk-11\bin\server;C:\Users\NOIR\.gradle\native\1def1411415f61bf3af743bc5b6707747c0891f09f0c88961ee8f79bc544acac\windows-amd64;C:\Users\NOIR\.gradle\native\0.2.7\x86_64-windows-gnu

VM Arguments:
jvm_args: --add-opens=java.base/java.lang=ALL-UNNAMED --add-opens=java.base/java.lang.invoke=ALL-UNNAMED --add-opens=java.base/java.util=ALL-UNNAMED --add-opens=java.prefs/java.util.prefs=ALL-UNNAMED --add-exports=jdk.compiler/com.sun.tools.javac.api=ALL-UNNAMED --add-exports=jdk.compiler/com.sun.tools.javac.util=ALL-UNNAMED --add-opens=java.base/java.util=ALL-UNNAMED --add-opens=java.prefs/java.util.prefs=ALL-UNNAMED --add-opens=java.base/java.nio.charset=ALL-UNNAMED --add-opens=java.base/java.net=ALL-UNNAMED --add-opens=java.base/java.util.concurrent.atomic=ALL-UNNAMED --add-opens=java.xml/javax.xml.namespace=ALL-UNNAMED -XX:+UseG1GC -XX:MaxMetaspaceSize=1024m -Xmx4G -Dfile.encoding=UTF-8 -Duser.country=FR -Duser.language=fr -Duser.variant -javaagent:C:\Users\NOIR\.gradle\wrapper\dists\gradle-8.14-all\c2qonpi39x1mddn7hk5gh9iqj\gradle-8.14\lib\agents\gradle-instrumentation-agent-8.14.jar 
java_command: org.gradle.launcher.daemon.bootstrap.GradleDaemon 8.14
java_class_path (initial): C:\Users\NOIR\.gradle\wrapper\dists\gradle-8.14-all\c2qonpi39x1mddn7hk5gh9iqj\gradle-8.14\lib\gradle-daemon-main-8.14.jar
Launcher Type: SUN_STANDARD

[Global flags]
     intx CICompilerCount                          = 3                                         {product} {ergonomic}
   size_t CompressedClassSpaceSize                 = 1065353216                                {product} {ergonomic}
     uint ConcGCThreads                            = 1                                         {product} {ergonomic}
     uint G1ConcRefinementThreads                  = 4                                         {product} {ergonomic}
   size_t G1HeapRegionSize                         = 1048576                                   {product} {ergonomic}
    uintx GCDrainStackTargetSize                   = 64                                        {product} {ergonomic}
   size_t InitialHeapSize                          = 266338304                                 {product} {ergonomic}
   size_t MarkStackSize                            = 4194304                                   {product} {ergonomic}
   size_t MaxHeapSize                              = 4294967296                                {product} {command line}
   size_t MaxMetaspaceSize                         = 1073741824                                {product} {command line}
   size_t MaxNewSize                               = 2576351232                                {product} {ergonomic}
   size_t MinHeapDeltaBytes                        = 1048576                                   {product} {ergonomic}
    uintx NonNMethodCodeHeapSize                   = 5830732                                {pd product} {ergonomic}
    uintx NonProfiledCodeHeapSize                  = 122913754                              {pd product} {ergonomic}
    uintx ProfiledCodeHeapSize                     = 122913754                              {pd product} {ergonomic}
    uintx ReservedCodeCacheSize                    = 251658240                              {pd product} {ergonomic}
     bool SegmentedCodeCache                       = true                                      {product} {ergonomic}
     bool UseCompressedClassPointers               = true                                 {lp64_product} {ergonomic}
     bool UseCompressedOops                        = true                                 {lp64_product} {ergonomic}
     bool UseG1GC                                  = true                                      {product} {command line}
     bool UseLargePagesIndividualAllocation        = false                                  {pd product} {ergonomic}

Logging:
Log output configuration:
 #0: stdout all=warning uptime,level,tags
 #1: stderr all=off uptime,level,tags

Environment Variables:
PATH=C:\Users\NOIR\AppData\Local\cloud-code\installer\google-cloud-sdk\bin;C:\Program Files\Common Files\Oracle\Java\javapath;C:\WINDOWS\system32;C:\WINDOWS;C:\WINDOWS\System32\Wbem;C:\WINDOWS\System32\WindowsPowerShell\v1.0\;C:\WINDOWS\System32\OpenSSH\;C:\Program Files\Microsoft SQL Server\Client SDK\ODBC\170\Tools\Binn\;C:\Program Files\Microsoft SQL Server\150\DTS\Binn\;C:\Program Files\Azure Data Studio\bin;C:\Program Files (x86)\Git\cmd;C:\Program Files\dotnet\;C:\Program Files (x86)\Intel\Intel(R) Management Engine Components\DAL;C:\Program Files\Intel\Intel(R) Management Engine Components\DAL;C:\Program Files\Devart\EntityDeveloper\Console;C:\Program Files\Microsoft SQL Server\130\DTS\Binn\;C:\Program Files\Microsoft SQL Server\140\DTS\Binn\;C:\Program Files\Microsoft SQL Server\160\DTS\Binn\;C:\Program Files\Java\jdk-11\bin;C:\Program Files (x86)\Microsoft SQL Server\160\Tools\Binn\;C:\Program Files\Microsoft SQL Server\160\Tools\Binn\;C:\Program Files (x86)\Microsoft SQL Server\160\DTS\Binn\;C:\Program Files\Microsoft SQL Server\130\Tools\Binn\;C:\Program Files (x86)\Microsoft SQL Server\110\DTS\Binn\;C:\Program Files (x86)\Microsoft SQL Server\120\DTS\Binn\;C:\Program Files (x86)\Microsoft SQL Server\130\DTS\Binn\;C:\Program Files (x86)\Microsoft SQL Server\140\DTS\Binn\;C:\Program Files (x86)\Microsoft SQL Server\150\DTS\Binn\;C:\xampp\php;C:\ProgramData\ComposerSetup\bin;C:\Program Files (x86)\Windows Kits\10\Windows Performance Toolkit\;C:\Program Files\Zero Install;C:\Program Files\Cloudflare\Cloudflare WARP\;C:\Program Files\nodejs\;C:\Users\NOIR\.config\herd-lite\bin;C:\Users\NOIR\AppData\Local\Programs\Python\Launcher\;C:\Users\NOIR\AppData\Local\Programs\Python\Python312\Scripts\;C:\Users\NOIR\AppData\Local\Programs\Python\Python312\;C:\Users\NOIR\scoop\apps\nodejs\current\bin;C:\Users\NOIR\scoop\apps\nodejs\current;C:\Users\NOIR\scoop\shims;C:\Users\NOIR\AppData\Local\Microsoft\WindowsApps;C:\Program Files\Azure Data Studio\bin;C:\Users\NOIR\AppData
USERNAME=NOIR
OS=Windows_NT
PROCESSOR_IDENTIFIER=Intel64 Family 6 Model 78 Stepping 3, GenuineIntel



---------------  S Y S T E M  ---------------

OS: Windows 11 , 64 bit Build 22000 (10.0.22000.2538)
Hyper-V role detected

CPU:total 4 (initial active 4) (2 cores per cpu, 2 threads per core) family 6 model 78 stepping 3 microcode 0xf0, cmov, cx8, fxsr, mmx, sse, sse2, sse3, ssse3, sse4.1, sse4.2, popcnt, avx, avx2, aes, clmul, erms, rtm, 3dnowpref, lzcnt, ht, tsc, tscinvbit, bmi1, bmi2, adx, fma

Memory: 4k page, system-wide physical 16229M (762M free)
TotalPageFile size 65381M (AvailPageFile size 2M)
current process WorkingSet (physical memory assigned to process): 627M, peak: 633M
current process commit charge ("private bytes"): 663M, peak: 669M

vm_info: Java HotSpot(TM) 64-Bit Server VM (11.0.20+9-LTS-256) for windows-amd64 JRE (11.0.20+9-LTS-256), built on Jun 14 2023 10:34:22 by "mach5one" with MS VC++ 17.1 (VS2022)

END.
